// Jest Snapshot v1, https://goo.gl/fbAQLP

exports[`Footer renders correctly 1`] = `
<footer>
  <h1>
    This is the footer 
  </h1>
</footer>
`;
